ninja: Entering directory `build'
[1/4] f:\msys64\ucrt64\bin\g++.exe -DLIB_DEBUG=1 -D_BUILDING_DLL -D_DEBUG -D_WIN -Dweavefra_lib_EXPORTS -IE:/weave_framework/weave_frame_version-alpha/include -IE:/weave_framework/weave_frame_version-alpha/weavefra-lib/include -IE:/weave_framework/weave_frame_version-alpha/weavefra-lib/src -g -std=gnu++23 -MD -MT weavefra-lib/CMakeFiles/weavefra-lib.dir/src/weavefra/windowslib/windowslib.cpp.obj -MF weavefra-lib\CMakeFiles\weavefra-lib.dir\src\weavefra\windowslib\windowslib.cpp.obj.d -o weavefra-lib/CMakeFiles/weavefra-lib.dir/src/weavefra/windowslib/windowslib.cpp.obj -c E:/weave_framework/weave_frame_version-alpha/weavefra-lib/src/weavefra/windowslib/windowslib.cpp
FAILED: [code=1] weavefra-lib/CMakeFiles/weavefra-lib.dir/src/weavefra/windowslib/windowslib.cpp.obj 
f:\msys64\ucrt64\bin\g++.exe -DLIB_DEBUG=1 -D_BUILDING_DLL -D_DEBUG -D_WIN -Dweavefra_lib_EXPORTS -IE:/weave_framework/weave_frame_version-alpha/include -IE:/weave_framework/weave_frame_version-alpha/weavefra-lib/include -IE:/weave_framework/weave_frame_version-alpha/weavefra-lib/src -g -std=gnu++23 -MD -MT weavefra-lib/CMakeFiles/weavefra-lib.dir/src/weavefra/windowslib/windowslib.cpp.obj -MF weavefra-lib\CMakeFiles\weavefra-lib.dir\src\weavefra\windowslib\windowslib.cpp.obj.d -o weavefra-lib/CMakeFiles/weavefra-lib.dir/src/weavefra/windowslib/windowslib.cpp.obj -c E:/weave_framework/weave_frame_version-alpha/weavefra-lib/src/weavefra/windowslib/windowslib.cpp
[2/4] f:\msys64\ucrt64\bin\g++.exe -DAPP_DEBUG=1 -D_BUILDING_DLL -D_DEBUG -D_WIN -IE:/weave_framework/weave_frame_version-alpha/include -IE:/weave_framework/weave_frame_version-alpha/weavefra-lib/src -IE:/weave_framework/weave_frame_version-alpha/weavefra-sandbox/weavefra-sandbox/src -IE:/weave_framework/weave_frame_version-alpha/weavefra-lib/include -g -std=gnu++23 -MD -MT weavefra-sandbox/CMakeFiles/weavefra-sandbox.dir/src/main.cpp.obj -MF weavefra-sandbox\CMakeFiles\weavefra-sandbox.dir\src\main.cpp.obj.d -o weavefra-sandbox/CMakeFiles/weavefra-sandbox.dir/src/main.cpp.obj -c E:/weave_framework/weave_frame_version-alpha/weavefra-sandbox/src/main.cpp
FAILED: [code=1] weavefra-sandbox/CMakeFiles/weavefra-sandbox.dir/src/main.cpp.obj 
f:\msys64\ucrt64\bin\g++.exe -DAPP_DEBUG=1 -D_BUILDING_DLL -D_DEBUG -D_WIN -IE:/weave_framework/weave_frame_version-alpha/include -IE:/weave_framework/weave_frame_version-alpha/weavefra-lib/src -IE:/weave_framework/weave_frame_version-alpha/weavefra-sandbox/weavefra-sandbox/src -IE:/weave_framework/weave_frame_version-alpha/weavefra-lib/include -g -std=gnu++23 -MD -MT weavefra-sandbox/CMakeFiles/weavefra-sandbox.dir/src/main.cpp.obj -MF weavefra-sandbox\CMakeFiles\weavefra-sandbox.dir\src\main.cpp.obj.d -o weavefra-sandbox/CMakeFiles/weavefra-sandbox.dir/src/main.cpp.obj -c E:/weave_framework/weave_frame_version-alpha/weavefra-sandbox/src/main.cpp
ninja: build stopped: subcommand failed.
